Processing premium-meals-detailed.md: Found 10 recipe chunks
  Recipe 1: 30-Minute Marinated Chicken Shawarma Feast (ID: 003)
  Recipe 2: Korean Bulgogi with Flash-Pickled Vegetables (ID: 004)
  Recipe 3: Mediterranean Lamb Chops with Instant-Marinated Vegetables (ID: 005)
  Recipe 4: Miso-Ginger Glazed Salmon with Sticky Rice (ID: 006)
  Recipe 5: Tandoori Chicken with Raita & Naan (ID: 007)
  Recipe 6: Carne Asada Tacos (ID: 008)
  Recipe 7: Butter Chicken with Garlic Naan (ID: 009)
  Recipe 8: Slow-Cooked Beef Ragu (ID: 010)
  Recipe 9: Herb-Crusted Pork Tenderloin (ID: 011)
  Recipe 10: Garlic Butter Shrimp (ID: 012)
Processing detailed-recipes.md: Found 5 recipe chunks
  Recipe 1: TIER 1 RECIPES (User Priorities) (ID: tier-1-recipes--user-priorities-)
[DEBUG] Recipe 001 ingredients count: 6
  Recipe 2: Seasoned Smash Burger Pucks (ID: 001)
  Recipe 3: Homemade Doner Kebab (Chicken) (ID: 002)
  Recipe 4: Healthy Chicken Kofte (Turkish Style) (ID: 003)
  Recipe 5: 30-Minute Marinated Chicken Shawarma Feast (ID: 003)
Processing tier2-proteins-detailed.md: Found 18 recipe chunks
  Recipe 1: BEEF RECIPES (T2-001 to T2-006) (ID: beef-recipes--t2-001-to-t2-006-)
  Recipe 2: Turkish Kofta Mix (Beef) (ID: t2-001)
  Recipe 3: Pre-Cooked Taco Meat (ID: t2-002)
  Recipe 4: Italian Meatball Mix (ID: t2-003)
  Recipe 5: Bolognese Sauce Base (ID: t2-004)
  Recipe 6: Chili Starter (ID: t2-005)
  Recipe 7: General Wet-Aged Steaks Guide (ID: t2-006)
  Recipe 8: CHICKEN RECIPES (T2-007 to T2-013) (ID: chicken-recipes--t2-007-to-t2-013-)
  Recipe 9: BBQ Marinated Chicken Breasts (ID: t2-007)
  Recipe 10: Teriyaki Chicken Thighs (ID: t2-008)
  Recipe 11: Pre-Cooked Shredded Chicken (ID: t2-009)
  Recipe 12: Chicken Fajita Strips (ID: t2-010)
  Recipe 13: Chicken Curry Portions (ID: t2-011)
  Recipe 14: Lemon Herb Marinated Chicken (ID: t2-012)
  Recipe 15: Buffalo Wing Marinated Chicken (ID: t2-013)
  Recipe 16: LAMB RECIPES (T2-014 to T2-015) (ID: lamb-recipes--t2-014-to-t2-015-)
  Recipe 17: Lamb Kofta Mix (ID: t2-014)
  Recipe 18: Slow-Cook Lamb Shoulder Portions (ID: t2-015)
Processing tier2-pork-detailed.md: Found 8 recipe chunks
  Recipe 1: Bacon-Wrapped Pork Tenderloin (ID: p-001)
  Recipe 2: Asian Five-Spice Pork Belly (ID: p-002)
  Recipe 3: Carnitas Portions (Mexican Pulled Pork) (ID: p-003)
  Recipe 4: Char Siu Pork (Chinese BBQ Pork) (ID: p-004)
  Recipe 5: Korean Gochujang Pork Ribs (ID: p-005)
  Recipe 6: Maple-Glazed Pork Chops (ID: p-006)
  Recipe 7: Pork Souvlaki Skewers (ID: p-007)
  Recipe 8: Italian Porchetta Roast (ID: p-008)
Processing tier3-4-sides-detailed.md: Found 40 recipe chunks
  Recipe 1: VEGETABLES (6 Recipes) (ID: vegetables--6-recipes-)
  Recipe 2: CHEF'S MASTERCLASS: VEGETABLES (ID: chef-s-masterclass--vegetables)
  Recipe 3: Blanched Stir-Fry Mix (ID: t3-001)
  Recipe 4: Blanched Green Beans (ID: t3-002)
  Recipe 5: Marinated Grilling Vegetables (ID: t3-003)
  Recipe 6: Seasoned Potato Wedges (ID: t3-004)
  Recipe 7: Mexican Street Corn Mix (ID: t3-005)
  Recipe 8: Saut├®ed Mushrooms (ID: t3-006)
  Recipe 9: STARCHES & GRAINS (7 Recipes) (ID: starches---grains--7-recipes-)
  Recipe 10: Pre-Cooked White Rice (ID: t3-007)
  Recipe 11: Pre-Cooked Brown Rice (ID: t3-008)
  Recipe 12: Mexican Rice (ID: t3-009)
  Recipe 13: Pilaf Rice (ID: t3-010)
  Recipe 14: Mashed Potatoes (ID: t3-011)
  Recipe 15: Pre-Cooked Pasta Portions (ID: t3-012)
  Recipe 16: Couscous with Herbs (ID: t3-013)
  Recipe 17: SAUCES & CONDIMENTS (6 Recipes) (ID: sauces---condiments--6-recipes-)
  Recipe 18: Homemade Marinara Sauce (ID: t3-014)
  Recipe 19: Homemade Salsa (ID: t3-015)
  Recipe 20: Curry Sauce Base (ID: t3-016)
  Recipe 21: Roasted Garlic Herb Compound Butter (ID: t3-017)
  Recipe 22: Lemon Dill Compound Butter (ID: t3-018)
  Recipe 23: Teriyaki Glaze (ID: t3-019)
  Recipe 24: BEANS & LEGUMES (3 Recipes) (ID: beans---legumes--3-recipes-)
  Recipe 25: Pre-Cooked Black Beans (ID: t3-020)
  Recipe 26: Pre-Cooked Kidney Beans (ID: t3-021)
  Recipe 27: Seasoned Chickpeas (ID: t3-022)
  Recipe 28: PORK (3 Recipes) (ID: pork--3-recipes-)
  Recipe 29: Marinated Pork Chops (ID: t3-023)
  Recipe 30: Pulled Pork Portions (ID: t3-024)
  Recipe 31: Breakfast Sausage Patties (ID: t3-025)
  Recipe 32: SEAFOOD (3 Recipes) (ID: seafood--3-recipes-)
  Recipe 33: Marinated Salmon Fillets (ID: t3-026)
  Recipe 34: Pre-Portioned White Fish (ID: t3-027)
  Recipe 35: Ready-to-Cook Shrimp (ID: t3-028)
  Recipe 36: BREAD & PASTRY (4 Recipes) (ID: bread---pastry--4-recipes-)
  Recipe 37: Garlic Bread (Pre-Buttered) (ID: t3-029)
  Recipe 38: Naan Bread (ID: t3-030)
  Recipe 39: Tortillas (ID: t3-031)
  Recipe 40: Pesto Sauce (ID: t3-032)
Processing vegetarian-mains.md: Found 5 recipe chunks
  Recipe 1: Balsamic Portobello Steaks (ID: v-001)
  Recipe 2: Asian Marinated Tofu (ID: v-002)
  Recipe 3: Smoky Eggplant "Bacon" (ID: v-003)
  Recipe 4: Lentil Stew Packs (ID: v-004)
  Recipe 5: Cauliflower Steaks with Chimichurri (ID: v-005)
Processing breakfast-recipes.md: Found 5 recipe chunks
  Recipe 1: Sous Vide Egg Bites (Starbucks Copycat) (ID: b-001)
  Recipe 2: Smoothie Packs (ID: b-002)
  Recipe 3: Overnight Oats Packs (ID: b-003)
  Recipe 4: Homemade Breakfast Sausage (ID: b-004)
  Recipe 5: Vacuum-Infused Fruit Salad (ID: b-005)
Processing dessert-recipes.md: Found 5 recipe chunks
  Recipe 1: Compressed Watermelon with Mint (ID: d-001)
  Recipe 2: Boozy Pineapple (Rum Infused) (ID: d-002)
  Recipe 3: Sous Vide Cheesecake Jars (ID: d-003)
  Recipe 4: Chocolate Lava Cakes (Prep & Freeze) (ID: d-004)
  Recipe 5: Red Wine Poached Pears (ID: d-005)
Successfully generated recipes.js with 96 recipes.
